This is pdfTeX, Version 3.141592653-2.6-1.40.25 (TeX Live 2023/Debian) (preloaded format=pdflatex)
entering extended mode
(./main.tex
LaTeX2e <2023-11-01> patch level 1
L3 programming layer <2024-01-22>
(./uai2026.cls
Document Class: uai2026 2026/08/17 UAI proceedings paper class
(/usr/share/texlive/texmf-dist/tex/latex/base/article.cls
Document Class: article 2023/05/17 v1.4n Standard LaTeX document class
(/usr/share/texlive/texmf-dist/tex/latex/base/size10.clo))
(/usr/share/texlive/texmf-dist/tex/latex/kvoptions/kvoptions.sty
(/usr/share/texlive/texmf-dist/tex/latex/graphics/keyval.sty)
(/usr/share/texlive/texmf-dist/tex/generic/ltxcmds/ltxcmds.sty)
(/usr/share/texlive/texmf-dist/tex/latex/kvsetkeys/kvsetkeys.sty))
(/usr/share/texlive/texmf-dist/tex/latex/xifthen/xifthen.sty
(/usr/share/texlive/texmf-dist/tex/latex/tools/calc.sty)
(/usr/share/texlive/texmf-dist/tex/latex/base/ifthen.sty)
(/usr/share/texlive/texmf-dist/tex/latex/ifmtarg/ifmtarg.sty))
(/usr/share/texlive/texmf-dist/tex/latex/adjustbox/adjustbox.sty
(/usr/share/texlive/texmf-dist/tex/latex/xkeyval/xkeyval.sty
(/usr/share/texlive/texmf-dist/tex/generic/xkeyval/xkeyval.tex
(/usr/share/texlive/texmf-dist/tex/generic/xkeyval/xkvutils.tex)))
(/usr/share/texlive/texmf-dist/tex/latex/adjustbox/adjcalc.sty)
(/usr/share/texlive/texmf-dist/tex/latex/adjustbox/trimclip.sty
(/usr/share/texlive/texmf-dist/tex/latex/graphics/graphicx.sty
(/usr/share/texlive/texmf-dist/tex/latex/graphics/graphics.sty
(/usr/share/texlive/texmf-dist/tex/latex/graphics/trig.sty)
(/usr/share/texlive/texmf-dist/tex/latex/graphics-cfg/graphics.cfg)
(/usr/share/texlive/texmf-dist/tex/latex/graphics-def/pdftex.def)))
(/usr/share/texlive/texmf-dist/tex/latex/collectbox/collectbox.sty)
(/usr/share/texlive/texmf-dist/tex/latex/adjustbox/tc-pdftex.def))
(/usr/share/texlive/texmf-dist/tex/latex/ifoddpage/ifoddpage.sty)
(/usr/share/texlive/texmf-dist/tex/latex/varwidth/varwidth.sty))
(/usr/share/texlive/texmf-dist/tex/latex/environ/environ.sty
(/usr/share/texlive/texmf-dist/tex/latex/trimspaces/trimspaces.sty))
(/usr/share/texlive/texmf-dist/tex/latex/letltxmacro/letltxmacro.sty)
(/usr/share/texlive/texmf-dist/tex/latex/leading/leading.sty)
(/usr/share/texlive/texmf-dist/tex/latex/geometry/geometry.sty
(/usr/share/texlive/texmf-dist/tex/generic/iftex/ifvtex.sty
(/usr/share/texlive/texmf-dist/tex/generic/iftex/iftex.sty)))
(/usr/share/texlive/texmf-dist/tex/latex/footmisc/footmisc.sty)
(/usr/share/texlive/texmf-dist/tex/latex/caption/caption.sty
(/usr/share/texlive/texmf-dist/tex/latex/caption/caption3.sty))
(/usr/share/texlive/texmf-dist/tex/latex/base/fontenc.sty)
(/usr/share/texlive/texmf-dist/tex/latex/base/textcomp.sty)
(/usr/share/texlive/texmf-dist/tex/latex/psnfss/times.sty)
(/usr/share/texlive/texmf-dist/tex/latex/psnfss/helvet.sty)
(/usr/share/texlive/texmf-dist/tex/latex/psnfss/courier.sty)
(/usr/share/texlive/texmf-dist/tex/latex/textcase/textcase.sty)
(/usr/share/texlive/texmf-dist/tex/latex/titlesec/titlesec.sty
(/usr/share/texlive/texmf-dist/tex/latex/titlesec/titleps.sty))
(/usr/share/texlive/texmf-dist/tex/latex/titling/titling.sty)
(/usr/share/texlive/texmf-dist/tex/latex/preprint/authblk.sty)
(/usr/share/texlive/texmf-dist/tex/latex/enumitem/enumitem.sty)
(/usr/share/texlive/texmf-dist/tex/latex/microtype/microtype.sty
(/usr/share/texlive/texmf-dist/tex/latex/etoolbox/etoolbox.sty)
(/usr/share/texlive/texmf-dist/tex/latex/microtype/microtype-pdftex.def)
(/usr/share/texlive/texmf-dist/tex/latex/microtype/microtype.cfg))
(/usr/share/texlive/texmf-dist/tex/latex/hyperref/hyperref.sty
(/usr/share/texlive/texmf-dist/tex/generic/kvdefinekeys/kvdefinekeys.sty)
(/usr/share/texlive/texmf-dist/tex/generic/pdfescape/pdfescape.sty
(/usr/share/texlive/texmf-dist/tex/generic/pdftexcmds/pdftexcmds.sty
(/usr/share/texlive/texmf-dist/tex/generic/infwarerr/infwarerr.sty)))
(/usr/share/texlive/texmf-dist/tex/latex/hycolor/hycolor.sty)
(/usr/share/texlive/texmf-dist/tex/latex/auxhook/auxhook.sty)
(/usr/share/texlive/texmf-dist/tex/latex/hyperref/nameref.sty
(/usr/share/texlive/texmf-dist/tex/latex/refcount/refcount.sty)
(/usr/share/texlive/texmf-dist/tex/generic/gettitlestring/gettitlestring.sty))
(/usr/share/texlive/texmf-dist/tex/latex/hyperref/pd1enc.def)
(/usr/share/texlive/texmf-dist/tex/generic/intcalc/intcalc.sty)
(/usr/share/texlive/texmf-dist/tex/latex/hyperref/puenc.def)
(/usr/share/texlive/texmf-dist/tex/latex/url/url.sty)
(/usr/share/texlive/texmf-dist/tex/generic/bitset/bitset.sty
(/usr/share/texlive/texmf-dist/tex/generic/bigintcalc/bigintcalc.sty))
(/usr/share/texlive/texmf-dist/tex/latex/base/atbegshi-ltx.sty))
(/usr/share/texlive/texmf-dist/tex/latex/hyperref/hpdftex.def
(/usr/share/texlive/texmf-dist/tex/latex/base/atveryend-ltx.sty)
(/usr/share/texlive/texmf-dist/tex/latex/rerunfilecheck/rerunfilecheck.sty
(/usr/share/texlive/texmf-dist/tex/generic/uniquecounter/uniquecounter.sty)))
(/usr/share/texlive/texmf-dist/tex/latex/lastpage/lastpage.sty
(/usr/share/texlive/texmf-dist/tex/latex/lastpage/lastpage2e.sty
(/usr/share/texlive/texmf-dist/tex/latex/lastpage/lastpagemodern.sty) 
))) (/usr/share/texlive/texmf-dist/tex/generic/babel/babel.sty
(/usr/share/texlive/texmf-dist/tex/generic/babel/txtbabel.def)
(/usr/share/texlive/texmf-dist/tex/generic/babel-english/american.ldf
(/usr/share/texlive/texmf-dist/tex/generic/babel-english/english.ldf)))
(/usr/share/texlive/texmf-dist/tex/generic/babel/locale/en/babel-american.tex)
(/usr/share/texlive/texmf-dist/tex/latex/natbib/natbib.sty)
(/usr/share/texlive/texmf-dist/tex/latex/mathtools/mathtools.sty
(/usr/share/texlive/texmf-dist/tex/latex/mathtools/mhsetup.sty)
(/usr/share/texlive/texmf-dist/tex/latex/amsmath/amsmath.sty
For additional information on amsmath, use the `?' option.
(/usr/share/texlive/texmf-dist/tex/latex/amsmath/amstext.sty
(/usr/share/texlive/texmf-dist/tex/latex/amsmath/amsgen.sty))
(/usr/share/texlive/texmf-dist/tex/latex/amsmath/amsbsy.sty)
(/usr/share/texlive/texmf-dist/tex/latex/amsmath/amsopn.sty)))
(/usr/share/texlive/texmf-dist/tex/latex/amsfonts/amssymb.sty
(/usr/share/texlive/texmf-dist/tex/latex/amsfonts/amsfonts.sty))
(/usr/share/texlive/texmf-dist/tex/latex/booktabs/booktabs.sty)
(/usr/share/texlive/texmf-dist/tex/latex/multirow/multirow.sty)
(/usr/share/texlive/texmf-dist/tex/latex/pgf/frontendlayer/tikz.sty
(/usr/share/texlive/texmf-dist/tex/latex/pgf/basiclayer/pgf.sty
(/usr/share/texlive/texmf-dist/tex/latex/pgf/utilities/pgfrcs.sty
(/usr/share/texlive/texmf-dist/tex/generic/pgf/utilities/pgfutil-common.tex)
(/usr/share/texlive/texmf-dist/tex/generic/pgf/utilities/pgfutil-latex.def)
(/usr/share/texlive/texmf-dist/tex/generic/pgf/utilities/pgfrcs.code.tex
(/usr/share/texlive/texmf-dist/tex/generic/pgf/pgf.revision.tex)))
(/usr/share/texlive/texmf-dist/tex/latex/pgf/basiclayer/pgfcore.sty
(/usr/share/texlive/texmf-dist/tex/latex/pgf/systemlayer/pgfsys.sty
(/usr/share/texlive/texmf-dist/tex/generic/pgf/systemlayer/pgfsys.code.tex
(/usr/share/texlive/texmf-dist/tex/generic/pgf/utilities/pgfkeys.code.tex
(/usr/share/texlive/texmf-dist/tex/generic/pgf/utilities/pgfkeyslibraryfiltered
.code.tex)) (/usr/share/texlive/texmf-dist/tex/generic/pgf/systemlayer/pgf.cfg)
(/usr/share/texlive/texmf-dist/tex/generic/pgf/systemlayer/pgfsys-pdftex.def
(/usr/share/texlive/texmf-dist/tex/generic/pgf/systemlayer/pgfsys-common-pdf.de
f)))
(/usr/share/texlive/texmf-dist/tex/generic/pgf/systemlayer/pgfsyssoftpath.code.
tex)
(/usr/share/texlive/texmf-dist/tex/generic/pgf/systemlayer/pgfsysprotocol.code.
tex)) (/usr/share/texlive/texmf-dist/tex/latex/xcolor/xcolor.sty
(/usr/share/texlive/texmf-dist/tex/latex/graphics-cfg/color.cfg)
(/usr/share/texlive/texmf-dist/tex/latex/graphics/mathcolor.ltx))
(/usr/share/texlive/texmf-dist/tex/generic/pgf/basiclayer/pgfcore.code.tex
(/usr/share/texlive/texmf-dist/tex/generic/pgf/math/pgfmath.code.tex
(/usr/share/texlive/texmf-dist/tex/generic/pgf/math/pgfmathutil.code.tex)
(/usr/share/texlive/texmf-dist/tex/generic/pgf/math/pgfmathparser.code.tex)
(/usr/share/texlive/texmf-dist/tex/generic/pgf/math/pgfmathfunctions.code.tex)
(/usr/share/texlive/texmf-dist/tex/generic/pgf/math/pgfmathfunctions.basic.code
.tex)
(/usr/share/texlive/texmf-dist/tex/generic/pgf/math/pgfmathfunctions.trigonomet
ric.code.tex)
(/usr/share/texlive/texmf-dist/tex/generic/pgf/math/pgfmathfunctions.random.cod
e.tex)
(/usr/share/texlive/texmf-dist/tex/generic/pgf/math/pgfmathfunctions.comparison
.code.tex)
(/usr/share/texlive/texmf-dist/tex/generic/pgf/math/pgfmathfunctions.base.code.
tex)
(/usr/share/texlive/texmf-dist/tex/generic/pgf/math/pgfmathfunctions.round.code
.tex)
(/usr/share/texlive/texmf-dist/tex/generic/pgf/math/pgfmathfunctions.misc.code.
tex)
(/usr/share/texlive/texmf-dist/tex/generic/pgf/math/pgfmathfunctions.integerari
thmetics.code.tex)
(/usr/share/texlive/texmf-dist/tex/generic/pgf/math/pgfmathcalc.code.tex)
(/usr/share/texlive/texmf-dist/tex/generic/pgf/math/pgfmathfloat.code.tex))
(/usr/share/texlive/texmf-dist/tex/generic/pgf/math/pgfint.code.tex)
(/usr/share/texlive/texmf-dist/tex/generic/pgf/basiclayer/pgfcorepoints.code.te
x)
(/usr/share/texlive/texmf-dist/tex/generic/pgf/basiclayer/pgfcorepathconstruct.
code.tex)
(/usr/share/texlive/texmf-dist/tex/generic/pgf/basiclayer/pgfcorepathusage.code
.tex)
(/usr/share/texlive/texmf-dist/tex/generic/pgf/basiclayer/pgfcorescopes.code.te
x)
(/usr/share/texlive/texmf-dist/tex/generic/pgf/basiclayer/pgfcoregraphicstate.c
ode.tex)
(/usr/share/texlive/texmf-dist/tex/generic/pgf/basiclayer/pgfcoretransformation
s.code.tex)
(/usr/share/texlive/texmf-dist/tex/generic/pgf/basiclayer/pgfcorequick.code.tex
)
(/usr/share/texlive/texmf-dist/tex/generic/pgf/basiclayer/pgfcoreobjects.code.t
ex)
(/usr/share/texlive/texmf-dist/tex/generic/pgf/basiclayer/pgfcorepathprocessing
.code.tex)
(/usr/share/texlive/texmf-dist/tex/generic/pgf/basiclayer/pgfcorearrows.code.te
x)
(/usr/share/texlive/texmf-dist/tex/generic/pgf/basiclayer/pgfcoreshade.code.tex
)
(/usr/share/texlive/texmf-dist/tex/generic/pgf/basiclayer/pgfcoreimage.code.tex
)
(/usr/share/texlive/texmf-dist/tex/generic/pgf/basiclayer/pgfcoreexternal.code.
tex)
(/usr/share/texlive/texmf-dist/tex/generic/pgf/basiclayer/pgfcorelayers.code.te
x)
(/usr/share/texlive/texmf-dist/tex/generic/pgf/basiclayer/pgfcoretransparency.c
ode.tex)
(/usr/share/texlive/texmf-dist/tex/generic/pgf/basiclayer/pgfcorepatterns.code.
tex)
(/usr/share/texlive/texmf-dist/tex/generic/pgf/basiclayer/pgfcorerdf.code.tex))
)
(/usr/share/texlive/texmf-dist/tex/generic/pgf/modules/pgfmoduleshapes.code.tex
) (/usr/share/texlive/texmf-dist/tex/generic/pgf/modules/pgfmoduleplot.code.tex
)
(/usr/share/texlive/texmf-dist/tex/latex/pgf/compatibility/pgfcomp-version-0-65
.sty)
(/usr/share/texlive/texmf-dist/tex/latex/pgf/compatibility/pgfcomp-version-1-18
.sty)) (/usr/share/texlive/texmf-dist/tex/latex/pgf/utilities/pgffor.sty
(/usr/share/texlive/texmf-dist/tex/latex/pgf/utilities/pgfkeys.sty
(/usr/share/texlive/texmf-dist/tex/generic/pgf/utilities/pgfkeys.code.tex))
(/usr/share/texlive/texmf-dist/tex/latex/pgf/math/pgfmath.sty
(/usr/share/texlive/texmf-dist/tex/generic/pgf/math/pgfmath.code.tex))
(/usr/share/texlive/texmf-dist/tex/generic/pgf/utilities/pgffor.code.tex))
(/usr/share/texlive/texmf-dist/tex/generic/pgf/frontendlayer/tikz/tikz.code.tex

(/usr/share/texlive/texmf-dist/tex/generic/pgf/libraries/pgflibraryplothandlers
.code.tex)
(/usr/share/texlive/texmf-dist/tex/generic/pgf/modules/pgfmodulematrix.code.tex
)
(/usr/share/texlive/texmf-dist/tex/generic/pgf/frontendlayer/tikz/libraries/tik
zlibrarytopaths.code.tex)))
(/usr/share/texlive/texmf-dist/tex/latex/amscls/amsthm.sty)
(/usr/share/texlive/texmf-dist/tex/latex/psnfss/t1ptm.fd)
(/usr/share/texlive/texmf-dist/tex/latex/l3backend/l3backend-pdftex.def)
No file main.aux.
(/usr/share/texlive/texmf-dist/tex/context/base/mkii/supp-pdf.mkii
[Loading MPS to PDF converter (version 2006.09.02).]
)
*geometry* driver: auto-detecting
*geometry* detected driver: pdftex
(/usr/share/texlive/texmf-dist/tex/latex/microtype/mt-ptm.cfg)
(/usr/share/texlive/texmf-dist/tex/latex/microtype/mt-cmr.cfg)
(/usr/share/texlive/texmf-dist/tex/latex/amsfonts/umsa.fd)
(/usr/share/texlive/texmf-dist/tex/latex/microtype/mt-msa.cfg)
(/usr/share/texlive/texmf-dist/tex/latex/amsfonts/umsb.fd)
(/usr/share/texlive/texmf-dist/tex/latex/microtype/mt-msb.cfg)
(/usr/share/texlive/texmf-dist/tex/latex/psnfss/t1pcr.fd)
Underfull \hbox (badness 10000) in paragraph at lines 39--42


Package natbib Warning: Citation `vovk2005algorithmic' on page 1 undefined on i
nput line 45.


Package natbib Warning: Citation `tibshirani2019conformal' on page 1 undefined 
on input line 45.


Package natbib Warning: Citation `barber2023conformal' on page 1 undefined on i
nput line 45.


LaTeX Warning: Reference `sec:recovered' on page 1 undefined on input line 52.


LaTeX Warning: Reference `thm:score_inflation' on page 1 undefined on input lin
e 54.


Package natbib Warning: Citation `vovk2005algorithmic' on page 1 undefined on i
nput line 61.


Package natbib Warning: Citation `shafer2008tutorial' on page 1 undefined on in
put line 61.


Package natbib Warning: Citation `romano2020classification' on page 1 undefined
 on input line 61.


Package natbib Warning: Citation `cauchois2021knowing' on page 1 undefined on i
nput line 61.


Package natbib Warning: Citation `romano2019conformalized' on page 1 undefined 
on input line 61.


Package natbib Warning: Citation `lei2018distribution' on page 1 undefined on i
nput line 61.


Package natbib Warning: Citation `angelopoulos2023gentle' on page 1 undefined o
n input line 61.


Package natbib Warning: Citation `ding2023class' on page 1 undefined on input l
ine 61.


Package natbib Warning: Citation `gibbs2025conditional' on page 1 undefined on 
input line 61.


LaTeX Warning: Reference `sec:baselines' on page 1 undefined on input line 61.

[1{/var/lib/texmf/fonts/map/pdftex/updmap/pdftex.map}{/usr/share/texlive/texmf-
dist/fonts/enc/dvips/base/8r.enc}]

Package natbib Warning: Citation `tibshirani2019conformal' on page 2 undefined 
on input line 63.


Package natbib Warning: Citation `podkopaev2021distribution' on page 2 undefine
d on input line 63.


Package natbib Warning: Citation `barber2023conformal' on page 2 undefined on i
nput line 63.


Package natbib Warning: Citation `kasa2023empirically' on page 2 undefined on i
nput line 63.


Package natbib Warning: Citation `gibbs2021adaptive' on page 2 undefined on inp
ut line 65.


Package natbib Warning: Citation `gibbs2024conformal' on page 2 undefined on in
put line 65.


Package natbib Warning: Citation `zaffran2022adaptive' on page 2 undefined on i
nput line 65.


Package natbib Warning: Citation `feldman2023achieving' on page 2 undefined on 
input line 65.


Package natbib Warning: Citation `bhatnagar2023improved' on page 2 undefined on
 input line 65.


Package natbib Warning: Citation `angelopoulos2024conformal' on page 2 undefine
d on input line 65.


Package natbib Warning: Citation `kasa2025adapting' on page 2 undefined on inpu
t line 65.


Package natbib Warning: Citation `koh2021wilds' on page 2 undefined on input li
ne 67.


Package natbib Warning: Citation `malinin2021shifts' on page 2 undefined on inp
ut line 67.


Package natbib Warning: Citation `gulrajani2021search' on page 2 undefined on i
nput line 67.


Package natbib Warning: Citation `gardner2023tableshift' on page 2 undefined on
 input line 67.


Package natbib Warning: Citation `garg2022leveraging' on page 2 undefined on in
put line 67.


Package natbib Warning: Citation `gretton2012kernel' on page 2 undefined on inp
ut line 67.


Package natbib Warning: Citation `lopez2017revisiting' on page 2 undefined on i
nput line 67.


LaTeX Warning: Reference `sec:shift_detection' on page 2 undefined on input lin
e 67.


Package natbib Warning: Citation `miller2021accuracy' on page 2 undefined on in
put line 67.


LaTeX Warning: Reference `tab:main_results' on page 2 undefined on input line 6
7.


Underfull \vbox (badness 10000) has occurred while \output is active

Package natbib Warning: Citation `lundberg2017unified' on page 2 undefined on i
nput line 69.


Package natbib Warning: Citation `lundberg2020local' on page 2 undefined on inp
ut line 69.


Package natbib Warning: Citation `fey2024relbench' on page 2 undefined on input
 line 75.

(/usr/share/texlive/texmf-dist/tex/latex/psnfss/ts1ptm.fd)
Underfull \vbox (badness 4872) has occurred while \output is active [2]

LaTeX Warning: Reference `sec:framework' on page 3 undefined on input line 104.



Package natbib Warning: Citation `lundberg2020local' on page 3 undefined on inp
ut line 112.


LaTeX Warning: Reference `tab:overlap' on page 3 undefined on input line 118.


LaTeX Warning: Reference `sec:baselines' on page 3 undefined on input line 120.


[3]

LaTeX Warning: Reference `eq:aps_equiv' on page 4 undefined on input line 192.


LaTeX Warning: Reference `eq:score_pointwise' on page 4 undefined on input line
 192.


LaTeX Warning: Reference `eq:score_bound' on page 4 undefined on input line 192
.


LaTeX Warning: Reference `eq:cov_bound' on page 4 undefined on input line 192.


Underfull \hbox (badness 1237) in paragraph at lines 192--193
\OT1/cmr/m/n/10 1$ \T1/ptm/m/n/10 (+20) terms, each at most $[]\OT1/cmr/m/n/10 
(\OML/cmm/m/it/10 y[]\OT1/cmr/m/n/10 )$\T1/ptm/m/n/10 (+20) . Sub-sti-tut-ing (
A1)--(A2)

LaTeX Warning: Reference `app:theory_proof' on page 4 undefined on input line 1
95.


LaTeX Warning: Reference `tab:main_results' on page 4 undefined on input line 2
01.


LaTeX Warning: Reference `tab:framework_validation' on page 4 undefined on inpu
t line 225.


LaTeX Warning: Reference `tab:overlap' on page 4 undefined on input line 232.


LaTeX Warning: Reference `sec:shap_results' on page 4 undefined on input line 2
34.

[4]

LaTeX Warning: Reference `tab:stratified_correlation' on page 5 undefined on in
put line 259.


LaTeX Warning: Reference `fig:n16_correlation' on page 5 undefined on input lin
e 259.


LaTeX Warning: Reference `fig:shap' on page 5 undefined on input line 261.


LaTeX Warning: Reference `thm:score_inflation' on page 5 undefined on input lin
e 261.


LaTeX Warning: Reference `app:icc' on page 5 undefined on input line 265.


LaTeX Warning: Reference `app:threshold' on page 5 undefined on input line 290.



LaTeX Warning: Reference `app:icc' on page 5 undefined on input line 291.


LaTeX Warning: Reference `app:icc' on page 5 undefined on input line 293.


Underfull \vbox (badness 10000) has occurred while \output is active [5]

LaTeX Warning: Reference `tab:diagnostic_comparison' on page 6 undefined on inp
ut line 310.


Underfull \hbox (badness 10000) in paragraph at lines 338--339
[]\T1/ptm/b/n/10 (+20) Expected Cal-i-bra-tion Er-ror change\T1/ptm/m/n/10 (+20
) :

LaTeX Warning: Reference `app:baselines' on page 6 undefined on input line 340.



Package natbib Warning: Citation `angelopoulos2021uncertainty' on page 6 undefi
ned on input line 350.


LaTeX Warning: Reference `sec:theory' on page 6 undefined on input line 350.


LaTeX Warning: Reference `app:raps' on page 6 undefined on input line 350.


Underfull \hbox (badness 3189) in paragraph at lines 350--351
[]\T1/ptm/m/n/10 (+20) The his-tor-i-cal Reg-u-lar-ized Adap-tive Pre-dic-tion 
Sets

Underfull \vbox (badness 1259) has occurred while \output is active [6]
Underfull \vbox (badness 10000) has occurred while \output is active
Underfull \vbox (badness 10000) has occurred while \output is active [7 <./figu
res/figure3_feature_importance.pdf>]
Underfull \vbox (badness 10000) has occurred while \output is active [8 <./figu
res/figure_n16_correlation.pdf>]
Underfull \vbox (badness 6412) has occurred while \output is active

LaTeX Warning: Reference `app:reproducibility' on page 9 undefined on input lin
e 415.

(./main.bbl
Underfull \hbox (badness 1189) in paragraph at lines 54--59
\T1/ptm/m/n/10 (+20) Michael I Jor-dan, and Ryan J Tib-shi-rani.  Class-
[9]
Underfull \hbox (badness 5817) in paragraph at lines 145--152
[]\T1/ptm/m/n/10 (+20) Pang Wei Koh, Sh-iori Sagawa, Hen-rik Mark-lund,
[10]) [11]

LaTeX Warning: Reference `sec:recovered' on page 12 undefined on input line 430
.


Package natbib Warning: Citation `ke2017lightgbm' on page 12 undefined on input
 line 434.


Underfull \hbox (badness 6542) in paragraph at lines 434--435
[]\T1/ptm/m/n/10 (+20) The archived 50-seed Light-GBM (\T1/ptm/b/n/10 (+20) ?\T
1/ptm/m/n/10 (+20) ) script spec-i-fies ob-jec-tive=multiclass, boost-ing=gbdt,
 num_leaves=31,

Underfull \hbox (badness 10000) in paragraph at lines 434--435
\T1/ptm/m/n/10 (+20) learn-ing_rate=0.05, fea-ture_fraction=0.8, bag-ging_fract
ion=0.8, bag-ging_freq=5, num_boost_round=500,

Package natbib Warning: Citation `lundberg2020local' on page 12 undefined on in
put line 444.


LaTeX Warning: Reference `eq:concentration' on page 12 undefined on input line 
444.

[12]

LaTeX Warning: Reference `tab:external_datasets' on page 13 undefined on input 
line 456.


Package natbib Warning: Citation `dua2017uci' on page 13 undefined on input lin
e 466.


Underfull \hbox (badness 1472) in paragraph at lines 467--467
[]\T1/ptm/m/n/9 (+20) Temporal batch drift: batches 1--6

Package natbib Warning: Citation `dua2017uci' on page 13 undefined on input lin
e 467.


Package natbib Warning: Citation `dua2017uci' on page 13 undefined on input lin
e 468.


Package natbib Warning: Citation `dua2017uci' on page 13 undefined on input lin
e 469.


Underfull \hbox (badness 10000) in paragraph at lines 470--470
[]\T1/ptm/m/n/9 (+20) Null-shift con-trol: UCI Stat-log;

Package natbib Warning: Citation `dua2017uci' on page 13 undefined on input lin
e 470.


Package natbib Warning: Citation `dua2017uci' on page 13 undefined on input lin
e 471.


Package natbib Warning: Citation `dua2017uci' on page 13 undefined on input lin
e 472.


Underfull \hbox (badness 3128) in paragraph at lines 473--473
[]\T1/ptm/m/n/9 (+20) Null-shift con-trol: satel-lite im-age;

Package natbib Warning: Citation `dua2017uci' on page 13 undefined on input lin
e 473.


Package natbib Warning: Citation `dua2017uci' on page 13 undefined on input lin
e 474.


LaTeX Warning: Reference `tab:main_results' on page 13 undefined on input line 
507.


Underfull \vbox (badness 10000) has occurred while \output is active [13]

LaTeX Warning: Reference `tab:threshold_sensitivity' on page 14 undefined on in
put line 515.


LaTeX Warning: Reference `tab:main_results' on page 14 undefined on input line 
515.


LaTeX Warning: Reference `tab:main_results' on page 14 undefined on input line 
515.

[14]

LaTeX Warning: Reference `tab:framework_validation' on page 15 undefined on inp
ut line 615.


LaTeX Warning: Reference `sec:cross_domain' on page 15 undefined on input line 
617.


LaTeX Warning: Reference `app:threshold' on page 15 undefined on input line 617
.

[15] [16]

LaTeX Warning: Reference `sec:theory' on page 17 undefined on input line 670.


LaTeX Warning: Reference `tab:ks' on page 17 undefined on input line 682.


LaTeX Warning: Reference `thm:score_inflation' on page 17 undefined on input li
ne 709.

[17] [18 <./figures/conformity_score_cdfs.pdf>]

LaTeX Warning: Reference `tab:raps' on page 19 undefined on input line 714.


LaTeX Warning: Reference `tab:main_results' on page 19 undefined on input line 
741.


LaTeX Warning: Reference `app:reproducibility' on page 19 undefined on input li
ne 741.


LaTeX Warning: Reference `tab:main_results' on page 19 undefined on input line 
741.


LaTeX Warning: Reference `tab:rf' on page 19 undefined on input line 746.


LaTeX Warning: Reference `tab:main_results' on page 19 undefined on input line 
746.


LaTeX Warning: Reference `tab:model_sensitivity' on page 19 undefined on input 
line 769.

[19]

LaTeX Warning: Reference `tab:mlp_lgb_comparison' on page 20 undefined on input
 line 800.


Underfull \vbox (badness 3260) has occurred while \output is active [20]

LaTeX Warning: Reference `tab:alternative_diagnostics' on page 21 undefined on 
input line 833.


LaTeX Warning: Reference `tab:shift_characterization' on page 21 undefined on i
nput line 861.

[21]

LaTeX Warning: Reference `tab:sales_feature_shift' on page 22 undefined on inpu
t line 892.


LaTeX Warning: Reference `tab:item_feature_shift' on page 22 undefined on input
 line 892.


LaTeX Warning: Reference `tab:shift_characterization' on page 22 undefined on i
nput line 938.


Package natbib Warning: Citation `koh2021wilds' on page 22 undefined on input l
ine 943.


LaTeX Warning: Reference `tab:framework_validation' on page 22 undefined on inp
ut line 947.


LaTeX Warning: Reference `tab:framework_validation' on page 22 undefined on inp
ut line 947.

[22] [23]

Package natbib Warning: There were undefined citations.

[24] 
enddocument/afterlastpage: lastpage setting LastPage.
(./main.aux

Package natbib Warning: Citation(s) may have changed.
(natbib)                Rerun to get citations correct.

)

LaTeX Warning: There were undefined references.


LaTeX Warning: Label(s) may have changed. Rerun to get cross-references right.


Package rerunfilecheck Warning: File `main.out' has changed.
(rerunfilecheck)                Rerun to get outlines right
(rerunfilecheck)                or use package `bookmark'.


Package lastpage Warning: Rerun to get the references right on input line 984.

 )
(see the transcript file for additional information)</usr/share/texlive/texmf-d
ist/fonts/type1/public/amsfonts/cm/cmbx10.pfb></usr/share/texlive/texmf-dist/fo
nts/type1/public/amsfonts/cm/cmex10.pfb></usr/share/texlive/texmf-dist/fonts/ty
pe1/public/amsfonts/cmextra/cmex9.pfb></usr/share/texlive/texmf-dist/fonts/type
1/public/amsfonts/cm/cmmi10.pfb></usr/share/texlive/texmf-dist/fonts/type1/publ
ic/amsfonts/cm/cmmi6.pfb></usr/share/texlive/texmf-dist/fonts/type1/public/amsf
onts/cm/cmmi7.pfb></usr/share/texlive/texmf-dist/fonts/type1/public/amsfonts/cm
/cmmi9.pfb></usr/share/texlive/texmf-dist/fonts/type1/public/amsfonts/cm/cmr10.
pfb></usr/share/texlive/texmf-dist/fonts/type1/public/amsfonts/cm/cmr6.pfb></us
r/share/texlive/texmf-dist/fonts/type1/public/amsfonts/cm/cmr7.pfb></usr/share/
texlive/texmf-dist/fonts/type1/public/amsfonts/cm/cmr9.pfb></usr/share/texlive/
texmf-dist/fonts/type1/public/amsfonts/cm/cmsy10.pfb></usr/share/texlive/texmf-
dist/fonts/type1/public/amsfonts/cm/cmsy5.pfb></usr/share/texlive/texmf-dist/fo
nts/type1/public/amsfonts/cm/cmsy6.pfb></usr/share/texlive/texmf-dist/fonts/typ
e1/public/amsfonts/cm/cmsy7.pfb></usr/share/texlive/texmf-dist/fonts/type1/publ
ic/amsfonts/cm/cmsy9.pfb></usr/share/texlive/texmf-dist/fonts/type1/public/amsf
onts/symbols/msam10.pfb></usr/share/texlive/texmf-dist/fonts/type1/public/amsfo
nts/symbols/msbm10.pfb></usr/share/texlive/texmf-dist/fonts/type1/urw/courier/u
crr8a.pfb></usr/share/texlive/texmf-dist/fonts/type1/urw/times/utmb8a.pfb></usr
/share/texlive/texmf-dist/fonts/type1/urw/times/utmr8a.pfb></usr/share/texlive/
texmf-dist/fonts/type1/urw/times/utmri8a.pfb>
Output written on main.pdf (24 pages, 441522 bytes).
Transcript written on main.log.
